// Jest Snapshot v1, https://goo.gl/fbAQLP

exports[`CategoryPage renders CategoryPage correctly 1`] = `
<section
  className="CategoryPage__ContainerStyled-inp28z-0 brhHgo"
>
  <section
    className="sc-AxjAm ljJdnD"
  >
    <svg
      className="sc-AxiKw iRsRKy"
      onClick={[Function]}
    >
      back.svg
    </svg>
    <h2
      className="sc-AxirZ iJYoHj"
    >
      Categories
    </h2>
  </section>
  <section
    className="CategoryButtons__SectionStyled-fe33yf-1 eUTwsm"
  >
    <section
      className="CategoryButtons__ContainerStyled-fe33yf-0 ggAkgj"
    >
      <section>
        <a
          href="/food"
          onClick={[Function]}
        >
          <button
            className="CategoryButtons__ButtonStyled-fe33yf-2 eEhnNm"
          >
            <img
              alt="fork and spoon"
              className="CategoryButtons__IconsStyled-fe33yf-3 gHSayS"
              src="fork.svg"
            />
            <h2
              className="CategoryButtons__H2Styled-fe33yf-4 fWGdzg"
            >
              Food
            </h2>
          </button>
        </a>
        <a
          href="/fitness"
          onClick={[Function]}
        >
          <button
            className="CategoryButtons__ButtonStyled-fe33yf-2 jLejSs"
          >
            <img
              alt="dumbbell"
              className="CategoryButtons__IconsStyled-fe33yf-3 gHSayS"
              src="gym.svg"
            />
            <h2
              className="CategoryButtons__H2Styled-fe33yf-4 fWGdzg"
            >
              Fitness
            </h2>
          </button>
        </a>
      </section>
      <section>
        <a
          href="/beauty"
          onClick={[Function]}
        >
          <button
            className="CategoryButtons__ButtonStyled-fe33yf-2 YSSmf"
          >
            <img
              alt="lipsticks"
              src="beauty.svg"
            />
            <h2
              className="CategoryButtons__H2Styled-fe33yf-4 fWGdzg"
            >
              Beauty
            </h2>
          </button>
        </a>
        <a
          href="/fashion"
          onClick={[Function]}
        >
          <button
            className="CategoryButtons__ButtonStyled-fe33yf-2 jVhgki"
          >
            <img
              alt="fashion mannequin"
              src="mannequin.svg"
            />
            <h2
              className="CategoryButtons__H2Styled-fe33yf-4 fWGdzg"
            >
              Fashion
            </h2>
          </button>
        </a>
      </section>
      <section>
        <a
          href="/interior"
          onClick={[Function]}
        >
          <button
            className="CategoryButtons__ButtonStyled-fe33yf-2 jCiqwi"
          >
            <img
              alt="vase"
              src="vase.svg"
            />
            <h2
              className="CategoryButtons__H2Styled-fe33yf-4 fWGdzg"
            >
              Interior
            </h2>
          </button>
        </a>
        <a
          href="/travel"
          onClick={[Function]}
        >
          <button
            className="CategoryButtons__ButtonStyled-fe33yf-2 eEhnNm"
          >
            <img
              alt="plane"
              src="plane.svg"
            />
            <h2
              className="CategoryButtons__H2Styled-fe33yf-4 fWGdzg"
            >
              Travel
            </h2>
          </button>
        </a>
      </section>
    </section>
  </section>
</section>
`;
