// Jest Snapshot v1, https://goo.gl/fbAQLP

exports[`FavouriteButton renders FavouriteButton correctly 1`] = `
<section>
  <button
    className="FavouriteButton__ButtonStyled-sc-1d9fn40-0 fnlWbX"
  >
    <svg
      fill="var(--lightpink)"
    >
      heart.svg
    </svg>
  </button>
</section>
`;
