// Jest Snapshot v1, https://goo.gl/fbAQLP

exports[`Nav renders Nav correctly 1`] = `
Array [
  <img
    alt="arrow left"
    className="GoBackArrow__GoBackStyled-m93ye8-0 kcjJZM"
    id="goBack"
    onClick={[Function]}
    src="back.svg"
    value="goBack"
  />,
  <button
    className="Nav__ButtonStyled-sc-8pthb9-0 jVkSCe"
  >
    <a
      href="/favourites"
      onClick={[Function]}
    >
      <svg
        fill="var(--darkpink)"
        stroke="var(--darkpink)"
      >
        heart.svg
      </svg>
    </a>
  </button>,
]
`;
