// Jest Snapshot v1, https://goo.gl/fbAQLP

exports[`Headline renders correctly 1`] = `
<section
  className="sc-AxjAm cmCotq"
>
  <h1
    className="sc-AxirZ hykbjA"
  />
</section>
`;
