// Jest Snapshot v1, https://goo.gl/fbAQLP

exports[`GoBackArrow renders GoBackArrow correctly 1`] = `
<img
  alt="arrow left"
  className="GoBackArrow__GoBackStyled-m93ye8-0 kcjJZM"
  id="goBack"
  onClick={[Function]}
  src="back.svg"
  value="goBack"
/>
`;
